To honour the JVM settings for this build a single-use Daemon process will be forked. For more on this, please refer to https://docs.gradle.org/9.7.1/userguide/gradle_daemon.html#sec:disabling_the_daemon in the Gradle documentation.
Daemon will be stopped at the end of the build 
> Task :compileJava UP-TO-DATE
> Task :processResources UP-TO-DATE
> Task :classes UP-TO-DATE
> Task :compileTestJava
> Task :processTestResources NO-SOURCE
> Task :testClasses
OpenJDK 64-Bit Server VM warning: Sharing is only supported for boot loader classes because bootstrap classpath has been appended

> Task :test

ProductDatabaseBoundsIntegrationTests > actualSlotLockWaitTerminatesOnServerAndRollsBackBeforeLockOwnerRelease() FAILED
    org.springframework.jdbc.BadSqlGrammarException at ProductDatabaseBoundsIntegrationTests.java:99
        Caused by: java.sql.SQLSyntaxErrorException at ProductDatabaseBoundsIntegrationTests.java:99

ProductDatabaseBoundsIntegrationTests > serverIdleTransactionTerminationRollsBackAllThreeRowsWhileJavaWorkIsStillAlive() FAILED
    org.springframework.jdbc.BadSqlGrammarException at ProductDatabaseBoundsIntegrationTests.java:133
        Caused by: java.sql.SQLSyntaxErrorException at ProductDatabaseBoundsIntegrationTests.java:133

ProductDatabaseBoundsIntegrationTests > jdbcQueryTimeoutAndSocketFailureAreNotMistakenForBusinessCommit() FAILED
    org.awaitility.core.ConditionTimeoutException at ProductDatabaseBoundsIntegrationTests.java:114
        Caused by: java.util.concurrent.TimeoutException at ProductDatabaseBoundsIntegrationTests.java:114

2026-10-05T03:49:59.481+09:00  INFO 35996 --- [ionShutdownHook] o.s.boot.tomcat.GracefulShutdown         : Commencing graceful shutdown. Waiting for active requests to complete
2026-10-05T03:49:59.492+09:00  INFO 35996 --- [tomcat-shutdown] o.s.boot.tomcat.GracefulShutdown         : Graceful shutdown complete

> Task :test FAILED

5 tests completed, 3 failed

FAILURE: Build failed with an exception.

* What went wrong:
Execution failed for task ':test'.
> There were failing tests. See the report at: file:///C:/dev/slotq/backend/build/reports/tests/test/index.html

* Try:
> Run with --scan to get full insights from a Build Scan (powered by Develocity).

BUILD FAILED in 58s
4 actionable tasks: 2 executed, 2 up-to-date
